test-fixnum
A ok

 ok
: test-pair
 ok
  lisp-init
 ok
  1 make-fixnum 2 make-fixnum cons dup pair?
 ok
  if dup first fixnum>n 1 =
 ok
     if dup rest fixnum>n 2 = if 0x40 2 + emit then then
 ok
  then
 ok
  drop ;
 ok
test-pair
B ok

 ok
: test-nil
 ok
  0 nil?
 ok
  if 0x40 3 + emit then ;
 ok
test-nil
C ok

 ok
: test-setters
 ok
  lisp-init
 ok
  1 make-fixnum 2 make-fixnum cons
 ok
  dup 3 make-fixnum over set-first!
 ok
  dup first fixnum>n 3 =
 ok
  if 0x40 4 + emit then
 ok
  drop ;
 ok
test-setters
D ok

 ok
: test-alloc
 ok
  lisp-init
 ok
  12 alloc 12 alloc swap - 12 =
 ok
  if 0x40 5 + emit then ;
 ok
test-alloc
E ok

 ok
: test-print-pair
 ok
  lisp-init
 ok
  1 make-fixnum 2 make-fixnum cons lisp-print 10 emit ;
 ok
test-print-pair
(1 . 2)
 ok

 ok
: make-symbol-x
 ok
  4 alloc >r
 ok
  ch-x r@ c!
 ok
  0 r@ 1 + c!
 ok
  hash-init ch-x hash-char r> make-symbol ;
 ok

 ok
: expr-cons-12
 ok
  make-symbol-cons
 ok
  1 make-fixnum
 ok
  2 make-fixnum
 ok
  list3 ;
 ok

 ok
: test-eval-quote
 ok
  lisp-init
 ok
  make-symbol-quote
 ok
  1 make-fixnum 2 make-fixnum list2
 ok
  list2
 ok
  0 eval lisp-print 10 emit ;
 ok
test-eval-quote
(1 2)
 ok

 ok
: test-eval-cons
 ok
  lisp-init
 ok
  expr-cons-12
 ok
  0 eval lisp-print 10 emit ;
 ok
test-eval-cons
(1 . 2)
 ok

 ok
: test-eval-first
 ok
  lisp-init
 ok
  make-symbol-first expr-cons-12 list2
 ok
  0 eval lisp-print 10 emit ;
 ok
test-eval-first
1
 ok

 ok
: test-eval-nil?
 ok
  lisp-init
 ok
  make-symbol-nil? make-symbol-nil list2
 ok
  0 eval lisp-print 10 emit ;
 ok
test-eval-nil?
t
 ok

 ok
: test-eval-define
 ok
  lisp-init
 ok
  make-symbol-define
 ok
  make-symbol-x
 ok
  0x20 8 + 2 + make-fixnum
 ok
  list3
 ok
  0 eval lisp-print 10 emit
 ok
  make-symbol-x 0 eval lisp-print 10 emit ;
 ok
test-eval-define
42
42
 ok

 ok
: test-eval-lambda
 ok
  lisp-init
 ok
  make-symbol-lambda
 ok
  make-symbol-x list1
 ok
  make-symbol-x
 ok
  list3
 ok
  5 make-fixnum
 ok
  list2
 ok
  0 eval lisp-print 10 emit ;
 ok
test-eval-lambda
5
 ok

 ok
: test-eval-rest
 ok
  lisp-init
 ok
  make-symbol-rest expr-cons-12 list2
 ok
  0 eval lisp-print 10 emit ;
 ok
test-eval-rest
2
 ok

 ok
: test-eval-pair?
 ok
  lisp-init
 ok
  make-symbol-pair? expr-cons-12 list2
 ok
  0 eval lisp-print 10 emit ;
 ok
test-eval-pair?
t
 ok

 ok
: test-eval-eq?
 ok
  lisp-init
 ok
  make-symbol-eq? make-symbol-t make-symbol-t list3
 ok
  0 eval lisp-print 10 emit ;
 ok
test-eval-eq?
t
 ok

 ok
: test-eval-eq?-false
 ok
  lisp-init
 ok
  make-symbol-eq? make-symbol-t make-symbol-nil list3
 ok
  0 eval lisp-print 10 emit ;
 ok
test-eval-eq?-false
nil
 ok

 ok
: test-eval-if-true
 ok
  lisp-init
 ok
  make-symbol-if make-symbol-t 1 make-fixnum 2 make-fixnum 0 cons cons cons cons
 ok
  0 eval lisp-print 10 emit ;
 ok
test-eval-if-true
1
 ok

 ok
: test-eval-if-false
 ok
  lisp-init
 ok
  make-symbol-if make-symbol-nil 1 make-fixnum 2 make-fixnum 0 cons cons cons cons
 ok
  0 eval lisp-print 10 emit ;
 ok
test-eval-if-false
2
 ok

 ok
: test-eval-t
 ok
  lisp-init
 ok
  make-symbol-t
 ok
  0 eval lisp-print 10 emit ;
 ok
test-eval-t
t
 ok

 ok
: test-eval-nil
 ok
  lisp-init
 ok
  make-symbol-nil
 ok
  0 eval lisp-print 10 emit ;
 ok
test-eval-nil
nil
 ok

 ok
: test-eval-eval
 ok
  lisp-init
 ok
  make-symbol-eval
 ok
  make-symbol-quote 0x20 8 + 2 + make-fixnum list2
 ok
  list2
 ok
  0 eval lisp-print 10 emit ;
 ok
test-eval-eval
42
 ok

 ok
: test-read-number
 ok
  lisp-init
 ok
  lisp-read lisp-print 10 emit ;
 ok
test-read-number
42
 ok
: test-read-symbol
 ok
  lisp-init
 ok
  lisp-read lisp-print 10 emit ;
 ok
test-read-symbol
hello
 ok
: test-read-list
 ok
  lisp-init
 ok
  lisp-read lisp-print 10 emit ;
 ok
test-read-list
(1 2 3)
 ok

 ok
: test-read-nested
 ok
  lisp-init
 ok
  lisp-read lisp-print 10 emit ;
 ok
test-read-nested
((1 2) 3)
 ok

 ok
: test-repl-quote
 ok
  lisp-init
 ok
  lisp-read lisp-print 10 emit ;
 ok
test-repl-quote
(quote (1 2))
 ok

 ok

 ok
: test-string-literal
 ok
  lisp-init
 ok
  lisp-read lisp-print 10 emit ;
 ok
test-string-literal
"Hello"
 ok

 ok

 ok
: test-string-first-char
 ok
  lisp-init
 ok
  lisp-read global-env @ eval lisp-print 10 emit ;
 ok
test-string-first-char
72
 ok

 ok

 ok
: test-string-rest-chars
 ok
  lisp-init
 ok
  lisp-read global-env @ eval lisp-print 10 emit ;
 ok
test-string-rest-chars
"ello"
 ok

 ok

 ok
: test-add
 ok
  lisp-init
 ok
  lisp-read global-env @ eval lisp-print 10 emit ;
 ok
test-add
3
 ok

 ok

 ok
: test-sub
 ok
  lisp-init
 ok
  lisp-read global-env @ eval lisp-print 10 emit ;
 ok
test-sub
2
 ok

 ok

 ok
: test-lt-true
 ok
  lisp-init
 ok
  lisp-read global-env @ eval lisp-print 10 emit ;
 ok
test-lt-true
t
 ok

 ok

 ok
: test-lt-false
 ok
  lisp-init
 ok
  lisp-read global-env @ eval lisp-print 10 emit ;
 ok
test-lt-false
nil
 ok

 ok

 ok
: test-eqn-true
 ok
  lisp-init
 ok
  lisp-read global-env @ eval lisp-print 10 emit ;
 ok
test-eqn-true
t
 ok

 ok

 ok
: test-eqn-false
 ok
  lisp-init
 ok
  lisp-read global-env @ eval lisp-print 10 emit ;
 ok
test-eqn-false
nil
 ok

 ok

 ok
: test-begin
 ok
  lisp-init
 ok
  lisp-read global-env @ eval lisp-print 10 emit ;
 ok
test-begin
3
 ok

 ok

 ok
: test-let
 ok
  lisp-init
 ok
  lisp-read global-env @ eval lisp-print 10 emit ;
 ok
test-let
3
 ok

 ok

 ok
: test-letrec
 ok
  lisp-init
 ok
  lisp-read global-env @ eval lisp-print 10 emit ;
 ok
test-letrec
7
 ok

 ok

 ok
bye
